total 544
 8 -rw-r--r--@  1 manojgupta  staff   2894 Jan  8 10:45 auto_ensemble.py
 0 drwxr-xr-x   4 manojgupta  staff    128 Jan 16 14:28 config
 0 drwxr-xr-x  11 manojgupta  staff    352 Jan 16 14:28 data
 0 drwxr-xr-x   9 manojgupta  staff    288 Jan 16 14:28 docs
40 -rw-------@  1 manojgupta  staff  19655 Jan  8 18:38 ensemble_weight_learning.py
 0 drwxr-xr-x   2 manojgupta  staff     64 Jan 16 14:28 journey
 8 -rw-r--r--   1 manojgupta  staff   2068 Jan  7 20:08 l.txt
 8 -rw-r--r--   1 manojgupta  staff    109 Jan  8 10:48 learned_weights.json
88 -rw-r--r--   1 manojgupta  staff  42894 Jan 12 14:36 old-stuff
16 -rw-r--r--@  1 manojgupta  staff   4724 Jan  7 11:49 patch_loader.py
 0 drwxr-xr-x  11 manojgupta  staff    352 Jan 16 14:28 scripts
16 -rw-------@  1 manojgupta  staff   7823 Jan  8 18:38 simple_ensemble_learning.py
32 -rw-r--r--@  1 manojgupta  staff  16260 Jan  8 07:18 test_signal_analyst_v2.py
32 -rw-------@  1 manojgupta  staff  13793 Jan  8 06:08 test_signal_analyst_v2_events.py
32 -rw-r--r--@  1 manojgupta  staff  15547 Jan  8 07:23 test_signal_analyst_v3.py
64 -rw-r--r--@  1 manojgupta  staff  32029 Jan  8 09:11 test_signal_analyst_v4.py
64 -rw-r--r--@  1 manojgupta  staff  32636 Jan  8 09:14 test_signal_analyst_v4_fixed.py
64 -rw-r--r--@  1 manojgupta  staff  32237 Jan  8 09:18 test_signal_analyst_v4_minimal_schema.py
72 -rw-r--r--@  1 manojgupta  staff  36783 Jan  8 09:23 test_signal_analyst_v4_smart_override.py
 0 drwxr-xr-x  17 manojgupta  staff    544 Jan 16 14:28 wizard_a
 0 drwxr-xr-x   3 manojgupta  staff     96 Jan 16 14:28 wizard_b

journey/config:
total 32
 8 -rw-------@ 1 manojgupta  staff  2941 Jan 12 16:25 bootstrap_weights_config.json
24 -rw-------@ 1 manojgupta  staff  9781 Jan 12 16:25 kpi_mapping_config.json

journey/data:
total 0
0 drwxr-xr-x  4 manojgupta  staff  128 Jan 16 14:28 bootstrap
0 drwxr-xr-x  3 manojgupta  staff   96 Jan 16 14:28 learnings
0 drwxr-xr-x  2 manojgupta  staff   64 Jan 16 14:28 phase1
0 drwxr-xr-x  2 manojgupta  staff   64 Jan 16 14:28 phase2
0 drwxr-xr-x  2 manojgupta  staff   64 Jan 16 14:28 phase3
0 drwxr-xr-x  3 manojgupta  staff   96 Jan 16 14:28 processed
0 drwxr-xr-x  5 manojgupta  staff  160 Jan 16 14:28 raw
0 drwxr-xr-x  5 manojgupta  staff  160 Jan 16 14:28 raw_flat
0 drwxr-xr-x  5 manojgupta  staff  160 Jan 16 14:28 wizard

journey/data/bootstrap:
total 32
 8 -rw-------@ 1 manojgupta  staff  2941 Jan  7 02:32 bootstrap_weights_config.json
24 -rw-------@ 1 manojgupta  staff  9781 Jan  7 19:42 kpi_mapping_config.json

journey/data/learnings:
total 0
0 drwxr-xr-x  6 manojgupta  staff  192 Jan 16 14:28 wizard_20260109_101759

journey/data/learnings/wizard_20260109_101759:
total 32
8 -rw-r--r--  1 manojgupta  staff  1342 Jan 10 14:19 ANALYSIS_REPORT.md
8 -rw-r--r--  1 manojgupta  staff   520 Jan 10 14:19 early_warning_rules.json
8 -rw-r--r--  1 manojgupta  staff  2231 Jan 10 14:19 pattern_profiles.json
8 -rw-r--r--  1 manojgupta  staff  1441 Jan 10 14:19 phase_transitions.json

journey/data/phase1:
total 0

journey/data/phase2:
total 0

journey/data/phase3:
total 0

journey/data/processed:
total 0
0 drwxr-xr-x  5 manojgupta  staff  160 Jan 16 14:28 wizard

journey/data/processed/wizard:
total 0
0 drwxr-xr-x  2 manojgupta  staff  64 Jan 16 14:28 wizard_20260109_101218
0 drwxr-xr-x  2 manojgupta  staff  64 Jan 16 14:28 wizard_20260109_101616
0 drwxr-xr-x  2 manojgupta  staff  64 Jan 16 14:28 wizard_20260109_101759

journey/data/processed/wizard/wizard_20260109_101218:
total 0

journey/data/processed/wizard/wizard_20260109_101616:
total 0

journey/data/processed/wizard/wizard_20260109_101759:
total 0

journey/data/raw:
total 0
0 drwxr-xr-x  4 manojgupta  staff  128 Jan 16 14:28 phase1
0 drwxr-xr-x  6 manojgupta  staff  192 Jan 16 14:28 phase2
0 drwxr-xr-x  3 manojgupta  staff   96 Jan 16 14:28 phase3

journey/data/raw/phase1:
total 136
112 -rw-------@ 1 manojgupta  staff  55617 Jan  6 21:12 account_10007_journey.json
 24 -rw-------@ 1 manojgupta  staff   9479 Jan  6 21:12 account_10007_report.md

journey/data/raw/phase2:
total 112
40 -rw-------@ 1 manojgupta  staff  17123 Jan 16 14:28 account_10001_journey.json
 8 -rw-------@ 1 manojgupta  staff   3631 Jan 16 14:28 account_10001_report.md
48 -rw-------@ 1 manojgupta  staff  23238 Jan 16 14:28 account_10003_journey.json
16 -rw-------@ 1 manojgupta  staff   4598 Jan 16 14:28 account_10003_report.md

journey/data/raw/phase3:
total 16
16 -rw-------@ 1 manojgupta  staff  6852 Jan  7 03:04 kpi_metadata.json

journey/data/raw_flat:
total 200
 40 -rw-------@ 1 manojgupta  staff  17123 Jan 16 14:28 account_10001_journey.json
 48 -rw-------@ 1 manojgupta  staff  23238 Jan 16 14:28 account_10003_journey.json
112 -rw-------@ 1 manojgupta  staff  55617 Jan  7 11:34 account_10007_journey.json

journey/data/wizard:
total 0
0 drwxr-xr-x  23 manojgupta  staff  736 Jan 16 14:28 wizard_20260109_101218
0 drwxr-xr-x  23 manojgupta  staff  736 Jan 16 14:28 wizard_20260109_101616
0 drwxr-xr-x  23 manojgupta  staff  736 Jan 16 14:28 wizard_20260109_101759

journey/data/wizard/wizard_20260109_101218:
total 1368
104 -rw-r--r--  1 manojgupta  staff  53149 Jan 16 14:28 account_10001_journey.json
 24 -rw-r--r--  1 manojgupta  staff   8996 Jan 16 14:28 account_10001_report.md
160 -rw-r--r--  1 manojgupta  staff  80567 Jan 16 14:28 account_10002_journey.json
 32 -rw-r--r--  1 manojgupta  staff  14089 Jan 16 14:28 account_10002_report.md
120 -rw-r--r--  1 manojgupta  staff  58111 Jan 16 14:28 account_10003_journey.json
 24 -rw-r--r--  1 manojgupta  staff   9953 Jan 16 14:28 account_10003_report.md
136 -rw-r--r--  1 manojgupta  staff  67129 Jan  9 10:12 account_10004_journey.json
 24 -rw-r--r--  1 manojgupta  staff  11894 Jan  9 10:12 account_10004_report.md
 24 -rw-r--r--  1 manojgupta  staff  10460 Jan  9 10:12 account_10005_journey.json
  8 -rw-r--r--  1 manojgupta  staff   2454 Jan  9 10:12 account_10005_report.md
104 -rw-r--r--  1 manojgupta  staff  51018 Jan  9 10:12 account_10006_journey.json
 24 -rw-r--r--  1 manojgupta  staff   8915 Jan  9 10:12 account_10006_report.md
112 -rw-r--r--  1 manojgupta  staff  56403 Jan  9 10:12 account_10007_journey.json
 24 -rw-r--r--  1 manojgupta  staff   9716 Jan  9 10:12 account_10007_report.md
 32 -rw-r--r--  1 manojgupta  staff  13563 Jan  9 10:12 account_10008_journey.json
  8 -rw-r--r--  1 manojgupta  staff   2942 Jan  9 10:12 account_10008_report.md
152 -rw-r--r--  1 manojgupta  staff  76596 Jan  9 10:12 account_10009_journey.json
 32 -rw-r--r--  1 manojgupta  staff  13218 Jan  9 10:12 account_10009_report.md
168 -rw-r--r--  1 manojgupta  staff  82125 Jan  9 10:12 account_10010_journey.json
 32 -rw-r--r--  1 manojgupta  staff  14177 Jan  9 10:12 account_10010_report.md
 24 -rw-r--r--  1 manojgupta  staff   9043 Jan  9 10:12 kpi_metadata.json

journey/data/wizard/wizard_20260109_101616:
total 1368
104 -rw-r--r--  1 manojgupta  staff  51733 Jan 16 14:28 account_10001_journey.json
 24 -rw-r--r--  1 manojgupta  staff   8902 Jan 16 14:28 account_10001_report.md
152 -rw-r--r--  1 manojgupta  staff  76881 Jan 16 14:28 account_10002_journey.json
 32 -rw-r--r--  1 manojgupta  staff  13618 Jan 16 14:28 account_10002_report.md
 32 -rw-r--r--  1 manojgupta  staff  13060 Jan 16 14:28 account_10003_journey.json
  8 -rw-r--r--  1 manojgupta  staff   2837 Jan 16 14:28 account_10003_report.md
112 -rw-r--r--  1 manojgupta  staff  56070 Jan  9 10:16 account_10004_journey.json
 24 -rw-r--r--  1 manojgupta  staff   9685 Jan  9 10:16 account_10004_report.md
144 -rw-r--r--  1 manojgupta  staff  73155 Jan  9 10:16 account_10005_journey.json
 32 -rw-r--r--  1 manojgupta  staff  12585 Jan  9 10:16 account_10005_report.md
104 -rw-r--r--  1 manojgupta  staff  51524 Jan  9 10:16 account_10006_journey.json
 24 -rw-r--r--  1 manojgupta  staff   8885 Jan  9 10:16 account_10006_report.md
112 -rw-r--r--  1 manojgupta  staff  53888 Jan  9 10:16 account_10007_journey.json
 24 -rw-r--r--  1 manojgupta  staff   9227 Jan  9 10:16 account_10007_report.md
 32 -rw-r--r--  1 manojgupta  staff  13055 Jan  9 10:16 account_10008_journey.json
  8 -rw-r--r--  1 manojgupta  staff   2699 Jan  9 10:16 account_10008_report.md
152 -rw-r--r--  1 manojgupta  staff  75702 Jan  9 10:16 account_10009_journey.json
 32 -rw-r--r--  1 manojgupta  staff  13275 Jan  9 10:16 account_10009_report.md
160 -rw-r--r--  1 manojgupta  staff  79972 Jan  9 10:16 account_10010_journey.json
 32 -rw-r--r--  1 manojgupta  staff  13825 Jan  9 10:16 account_10010_report.md
 24 -rw-r--r--  1 manojgupta  staff   9043 Jan  9 10:16 kpi_metadata.json

journey/data/wizard/wizard_20260109_101759:
total 1104
 32 -rw-r--r--  1 manojgupta  staff  13448 Jan 16 14:28 account_10001_journey.json
  8 -rw-r--r--  1 manojgupta  staff   2853 Jan 16 14:28 account_10001_report.md
144 -rw-r--r--  1 manojgupta  staff  69707 Jan 16 14:28 account_10002_journey.json
 32 -rw-r--r--  1 manojgupta  staff  12322 Jan 16 14:28 account_10002_report.md
136 -rw-r--r--  1 manojgupta  staff  68022 Jan 16 14:28 account_10003_journey.json
 24 -rw-r--r--  1 manojgupta  staff  12023 Jan 16 14:28 account_10003_report.md
112 -rw-r--r--  1 manojgupta  staff  53623 Jan  9 10:17 account_10004_journey.json
 24 -rw-r--r--  1 manojgupta  staff   9312 Jan  9 10:17 account_10004_report.md
104 -rw-r--r--  1 manojgupta  staff  53220 Jan  9 10:17 account_10005_journey.json
 24 -rw-r--r--  1 manojgupta  staff   9202 Jan  9 10:17 account_10005_report.md
136 -rw-r--r--  1 manojgupta  staff  66271 Jan  9 10:17 account_10006_journey.json
 24 -rw-r--r--  1 manojgupta  staff  11674 Jan  9 10:17 account_10006_report.md
 24 -rw-r--r--  1 manojgupta  staff  10997 Jan  9 10:17 account_10007_journey.json
  8 -rw-r--r--  1 manojgupta  staff   2423 Jan  9 10:17 account_10007_report.md
144 -rw-r--r--  1 manojgupta  staff  73621 Jan  9 10:17 account_10008_journey.json
 32 -rw-r--r--  1 manojgupta  staff  12931 Jan  9 10:17 account_10008_report.md
 24 -rw-r--r--  1 manojgupta  staff   9596 Jan  9 10:17 account_10009_journey.json
  8 -rw-r--r--  1 manojgupta  staff   2249 Jan  9 10:17 account_10009_report.md
 32 -rw-r--r--  1 manojgupta  staff  13021 Jan  9 10:17 account_10010_journey.json
  8 -rw-r--r--  1 manojgupta  staff   2806 Jan  9 10:17 account_10010_report.md
 24 -rw-r--r--  1 manojgupta  staff   9042 Jan  9 10:18 kpi_metadata.json

journey/docs:
total 176
24 -rw-------@ 1 manojgupta  staff  10651 Jan  7 02:32 BOOTSTRAP_WEIGHTS_CONFIG.md
24 -rw-------@ 1 manojgupta  staff   9099 Jan  6 21:12 PHASE_1_COMPLETE_SUMMARY.md
32 -rw-------@ 1 manojgupta  staff  12987 Jan 16 14:28 PHASE_2_COMPLETE_SUMMARY.md
32 -rw-------@ 1 manojgupta  staff  14205 Jan 16 14:28 PHASE_3_COMPLETE_SUMMARY.md
48 -rw-r--r--@ 1 manojgupta  staff  24192 Jan 16 14:28 PHASE_4_FINAL_SUMMARY.md
 0 drwxr-xr-x  7 manojgupta  staff    224 Jan 16 14:28 deployment
16 -rw-r--r--@ 1 manojgupta  staff   4724 Jan  7 11:44 patch_loader.py

journey/docs/deployment:
total 128
24 -rw-r--r--@ 1 manojgupta  staff  12253 Jan 16 14:28 DIRECTORY_ORGANIZATION_GUIDE.md
32 -rw-r--r--@ 1 manojgupta  staff  15045 Jan 16 14:28 PHASE_2_3_4_ALIGNMENT_VERIFICATION.md
32 -rw-r--r--@ 1 manojgupta  staff  13255 Jan 16 14:28 STEP_1_DEPLOY_JOURNEY_DATA.md
 8 -rw-r--r--@ 1 manojgupta  staff   2198 Jan  7 10:57 STEP_1_QUICK_START.txt
32 -rw-r--r--@ 1 manojgupta  staff  13373 Jan 16 14:28 STEP_1_WALKTHROUGH.md

journey/journey:
total 0

journey/scripts:
total 208
48 -rw-------@ 1 manojgupta  staff  24302 Jan 12 15:35 enhanced_hierarchical_journey_generator.py
 0 drwxr-xr-x  5 manojgupta  staff    160 Jan 16 14:28 phase1
 0 drwxr-xr-x  3 manojgupta  staff     96 Jan 16 14:28 phase3
 0 drwxr-xr-x  9 manojgupta  staff    288 Jan 16 14:28 phase4
 0 drwxr-xr-x  9 manojgupta  staff    288 Jan 16 14:28 phase5
72 -rw-------@ 1 manojgupta  staff  34512 Jan 12 15:35 qdrant_field_registry.py
48 -rw-------@ 1 manojgupta  staff  21679 Jan 12 15:35 qdrant_journey_schema.py
 8 -rw-r--r--  1 manojgupta  staff   1640 Jan  8 13:02 scripts-dir.out
32 -rw-------@ 1 manojgupta  staff  14869 Jan 12 16:19 updated_week_data_qdrant.py

journey/scripts/phase1:
total 272
96 -rw-r--r--@ 1 manojgupta  staff  48880 Jan  9 07:21 journey_pattern_generator-V2.py
96 -rw-------@ 1 manojgupta  staff  48880 Jan  9 07:22 journey_pattern_generator.py
80 -rw-------@ 1 manojgupta  staff  38379 Jan  8 19:23 journey_pattern_generator.py.backup

journey/scripts/phase3:
total 32
32 -rw-------@ 1 manojgupta  staff  16047 Jan  7 03:04 kpi_generator_phase3.py

journey/scripts/phase4:
total 296
48 -rw-r--r--@ 1 manojgupta  staff  22941 Jan 16 14:28 generate_milestones_phase4.py
24 -rw-r--r--@ 1 manojgupta  staff  11859 Jan  7 07:34 journey_schema_phase4.py
64 -rw-r--r--@ 1 manojgupta  staff  29727 Jan 16 14:28 load_journey_data_phase4.py
64 -rw-r--r--  1 manojgupta  staff  28702 Jan  7 11:50 load_journey_data_phase4.py.backup
32 -rw-r--r--@ 1 manojgupta  staff  15506 Jan 16 14:28 load_journey_to_qdrant_phase4.py
40 -rw-r--r--@ 1 manojgupta  staff  17628 Jan  7 12:12 migration_journey_phase4.py
24 -rw-r--r--@ 1 manojgupta  staff   8350 Jan  7 07:34 verify_production_safety.py

journey/scripts/phase5:
total 168
32 -rw-------@ 1 manojgupta  staff  12719 Jan  7 02:32 bootstrap_weights_config.py
 8 -rw-r--r--  1 manojgupta  staff    131 Jan 13 09:33 cookies.txt
16 -rw-------@ 1 manojgupta  staff   6203 Jan  8 03:23 create_bootstrap_schema.py
24 -rw-------@ 1 manojgupta  staff   9861 Jan  8 03:23 kpi_mapping_config.json
24 -rw-------@ 1 manojgupta  staff  10133 Jan  7 19:39 load_bootstrap_weights.py
24 -rw-------@ 1 manojgupta  staff  10146 Jan  7 19:34 load_bootstrap_weights.py.backup
40 -rw-r--r--@ 1 manojgupta  staff  16656 Jan  7 19:55 test_signal_analyst.py

journey/wizard_a:
total 88
 0 drwxr-xr-x  45 manojgupta  staff  1440 Jan 16 14:28 test_10_accounts
 0 drwxr-xr-x  92 manojgupta  staff  2944 Jan 16 14:28 test_30_patterns
 0 drwxr-xr-x  29 manojgupta  staff   928 Jan 16 14:28 test_all_3_patterns
 8 -rwxr-xr-x   1 manojgupta  staff    31 Jan  8 18:54 test_imports.py
 0 drwxr-xr-x   4 manojgupta  staff   128 Jan 16 14:28 test_run_20260108_185446
 0 drwxr-xr-x   4 manojgupta  staff   128 Jan 16 14:28 test_run_20260108_190033
 0 drwxr-xr-x   4 manojgupta  staff   128 Jan 16 14:28 test_run_20260108_190216
 0 drwxr-xr-x   4 manojgupta  staff   128 Jan 16 14:28 test_run_20260108_190347
 0 drwxr-xr-x   4 manojgupta  staff   128 Jan 16 14:28 test_run_20260108_190926
 0 drwxr-xr-x   4 manojgupta  staff   128 Jan 16 14:28 test_run_20260108_191021
 0 drwxr-xr-x   4 manojgupta  staff   128 Jan 16 14:28 test_run_20260108_191444
16 -rwx--x--x@  1 manojgupta  staff  6892 Jan  8 22:34 test_wrappers.py
24 -rw-r--r--@  1 manojgupta  staff  9668 Jan 16 14:28 wizard_journey_generator.py
16 -rwx--x--x@  1 manojgupta  staff  6540 Jan  8 19:14 wizard_kpi_generator.py
24 -rwx--x--x@  1 manojgupta  staff  9035 Jan  8 18:53 wizard_milestone_generator.py

journey/wizard_a/test_10_accounts:
total 2672
 40 -rw-r--r--   1 manojgupta  staff   19961 Jan  8 19:15 account_10001_events.csv
112 -rw-r--r--   1 manojgupta  staff   53858 Jan 16 14:28 account_10001_journey.json
 48 -rw-r--r--   1 manojgupta  staff   20576 Jan  8 19:15 account_10001_kpis.csv
 24 -rw-r--r--   1 manojgupta  staff    9249 Jan 16 14:28 account_10001_report.md
 48 -rw-r--r--   1 manojgupta  staff   21322 Jan  8 19:15 account_10002_events.csv
112 -rw-r--r--   1 manojgupta  staff   57168 Jan 16 14:28 account_10002_journey.json
 48 -rw-r--r--   1 manojgupta  staff   22044 Jan  8 19:15 account_10002_kpis.csv
 24 -rw-r--r--   1 manojgupta  staff    9846 Jan 16 14:28 account_10002_report.md
 40 -rw-r--r--   1 manojgupta  staff   19823 Jan  8 19:15 account_10003_events.csv
104 -rw-r--r--   1 manojgupta  staff   52956 Jan 16 14:28 account_10003_journey.json
 48 -rw-r--r--   1 manojgupta  staff   20786 Jan  8 19:15 account_10003_kpis.csv
 24 -rw-r--r--   1 manojgupta  staff    9199 Jan 16 14:28 account_10003_report.md
 40 -rw-r--r--   1 manojgupta  staff   20477 Jan  8 19:15 account_10004_events.csv
112 -rw-r--r--   1 manojgupta  staff   55008 Jan  8 19:15 account_10004_journey.json
 48 -rw-r--r--   1 manojgupta  staff   21340 Jan  8 19:15 account_10004_kpis.csv
 24 -rw-r--r--   1 manojgupta  staff    9518 Jan  8 19:15 account_10004_report.md
 48 -rw-r--r--   1 manojgupta  staff   20949 Jan  8 19:15 account_10005_events.csv
112 -rw-r--r--   1 manojgupta  staff   56343 Jan  8 19:15 account_10005_journey.json
 48 -rw-r--r--   1 manojgupta  staff   21324 Jan  8 19:15 account_10005_kpis.csv
 24 -rw-r--r--   1 manojgupta  staff    9620 Jan  8 19:15 account_10005_report.md
 40 -rw-r--r--   1 manojgupta  staff   19597 Jan  8 19:15 account_10006_events.csv
104 -rw-r--r--   1 manojgupta  staff   52956 Jan  8 19:15 account_10006_journey.json
 40 -rw-r--r--   1 manojgupta  staff   19700 Jan  8 19:15 account_10006_kpis.csv
 24 -rw-r--r--   1 manojgupta  staff    9015 Jan  8 19:15 account_10006_report.md
 40 -rw-r--r--   1 manojgupta  staff   19782 Jan  8 19:15 account_10007_events.csv
104 -rw-r--r--   1 manojgupta  staff   53227 Jan  8 19:15 account_10007_journey.json
 48 -rw-r--r--   1 manojgupta  staff   20589 Jan  8 19:15 account_10007_kpis.csv
 24 -rw-r--r--   1 manojgupta  staff    9158 Jan  8 19:15 account_10007_report.md
 40 -rw-r--r--   1 manojgupta  staff   19802 Jan  8 19:15 account_10008_events.csv
112 -rw-r--r--   1 manojgupta  staff   53481 Jan  8 19:15 account_10008_journey.json
 48 -rw-r--r--   1 manojgupta  staff   20763 Jan  8 19:15 account_10008_kpis.csv
 24 -rw-r--r--   1 manojgupta  staff    9153 Jan  8 19:15 account_10008_report.md
 40 -rw-r--r--   1 manojgupta  staff   19787 Jan  8 19:15 account_10009_events.csv
112 -rw-r--r--   1 manojgupta  staff   53573 Jan  8 19:15 account_10009_journey.json
 40 -rw-r--r--   1 manojgupta  staff   20354 Jan  8 19:15 account_10009_kpis.csv
 24 -rw-r--r--   1 manojgupta  staff    9130 Jan  8 19:15 account_10009_report.md
 48 -rw-r--r--   1 manojgupta  staff   22091 Jan  8 19:15 account_10010_events.csv
120 -rw-r--r--   1 manojgupta  staff   59519 Jan  8 19:15 account_10010_journey.json
 48 -rw-r--r--   1 manojgupta  staff   23168 Jan  8 19:15 account_10010_kpis.csv
 24 -rw-r--r--   1 manojgupta  staff   10116 Jan  8 19:15 account_10010_report.md
416 -rw-r--r--   1 manojgupta  staff  209150 Jan  8 19:15 all_accounts_kpis.csv
 24 -rw-r--r--   1 manojgupta  staff    9042 Jan  8 19:15 kpi_metadata.json
  0 drwxr-xr-x  12 manojgupta  staff     384 Jan 16 14:28 processed

journey/wizard_a/test_10_accounts/processed:
total 104
 8 -rw-r--r--  1 manojgupta  staff   1475 Jan  8 19:15 account_10001_milestones.csv
 8 -rw-r--r--  1 manojgupta  staff   2141 Jan  8 19:15 account_10003_milestones.csv
 8 -rw-r--r--  1 manojgupta  staff   1473 Jan  8 19:15 account_10004_milestones.csv
 8 -rw-r--r--  1 manojgupta  staff    809 Jan  8 19:15 account_10005_milestones.csv
 8 -rw-r--r--  1 manojgupta  staff   1475 Jan  8 19:15 account_10006_milestones.csv
 8 -rw-r--r--  1 manojgupta  staff   2474 Jan  8 19:15 account_10007_milestones.csv
 8 -rw-r--r--  1 manojgupta  staff   1475 Jan  8 19:15 account_10008_milestones.csv
 8 -rw-r--r--  1 manojgupta  staff   2141 Jan  8 19:15 account_10009_milestones.csv
 8 -rw-r--r--  1 manojgupta  staff   2141 Jan  8 19:15 account_10010_milestones.csv
32 -rw-r--r--  1 manojgupta  staff  15847 Jan  8 19:15 all_accounts_milestones.csv

journey/wizard_a/test_30_patterns:
total 4312
 64 -rw-r--r--  1 manojgupta  staff  30644 Jan  9 07:26 account_40001_events.csv
168 -rw-r--r--  1 manojgupta  staff  82069 Jan  9 07:26 account_40001_journey.json
 32 -rw-r--r--  1 manojgupta  staff  14348 Jan  9 07:26 account_40001_report.md
 64 -rw-r--r--  1 manojgupta  staff  28975 Jan  9 07:26 account_40002_events.csv
152 -rw-r--r--  1 manojgupta  staff  77449 Jan  9 07:26 account_40002_journey.json
 32 -rw-r--r--  1 manojgupta  staff  13556 Jan  9 07:26 account_40002_report.md
 64 -rw-r--r--  1 manojgupta  staff  29258 Jan  9 07:26 account_40003_events.csv
160 -rw-r--r--  1 manojgupta  staff  78504 Jan  9 07:26 account_40003_journey.json
 32 -rw-r--r--  1 manojgupta  staff  13619 Jan  9 07:26 account_40003_report.md
 48 -rw-r--r--  1 manojgupta  staff  21044 Jan  9 07:26 account_40004_events.csv
112 -rw-r--r--  1 manojgupta  staff  56673 Jan  9 07:26 account_40004_journey.json
 24 -rw-r--r--  1 manojgupta  staff   9735 Jan  9 07:26 account_40004_report.md
 16 -rw-r--r--  1 manojgupta  staff   5088 Jan  9 07:26 account_40005_events.csv
 32 -rw-r--r--  1 manojgupta  staff  13056 Jan  9 07:26 account_40005_journey.json
  8 -rw-r--r--  1 manojgupta  staff   2735 Jan  9 07:26 account_40005_report.md
 16 -rw-r--r--  1 manojgupta  staff   4226 Jan  9 07:26 account_40006_events.csv
 24 -rw-r--r--  1 manojgupta  staff  10625 Jan  9 07:26 account_40006_journey.json
  8 -rw-r--r--  1 manojgupta  staff   2461 Jan  9 07:26 account_40006_report.md
 48 -rw-r--r--  1 manojgupta  staff  20516 Jan  9 07:26 account_40007_events.csv
112 -rw-r--r--  1 manojgupta  staff  55099 Jan  9 07:26 account_40007_journey.json
 24 -rw-r--r--  1 manojgupta  staff   9427 Jan  9 07:26 account_40007_report.md
 48 -rw-r--r--  1 manojgupta  staff  21014 Jan  9 07:26 account_40008_events.csv
112 -rw-r--r--  1 manojgupta  staff  56936 Jan  9 07:26 account_40008_journey.json
 24 -rw-r--r--  1 manojgupta  staff   9633 Jan  9 07:26 account_40008_report.md
  8 -rw-r--r--  1 manojgupta  staff   3826 Jan  9 07:26 account_40009_events.csv
 24 -rw-r--r--  1 manojgupta  staff   9803 Jan  9 07:26 account_40009_journey.json
  8 -rw-r--r--  1 manojgupta  staff   2270 Jan  9 07:26 account_40009_report.md
 16 -rw-r--r--  1 manojgupta  staff   4736 Jan  9 07:26 account_40010_events.csv
 24 -rw-r--r--  1 manojgupta  staff  12236 Jan  9 07:26 account_40010_journey.json
  8 -rw-r--r--  1 manojgupta  staff   2604 Jan  9 07:26 account_40010_report.md
 48 -rw-r--r--  1 manojgupta  staff  20553 Jan  9 07:26 account_40011_events.csv
112 -rw-r--r--  1 manojgupta  staff  54943 Jan  9 07:26 account_40011_journey.json
 24 -rw-r--r--  1 manojgupta  staff   9510 Jan  9 07:26 account_40011_report.md
 16 -rw-r--r--  1 manojgupta  staff   5040 Jan  9 07:26 account_40012_events.csv
 32 -rw-r--r--  1 manojgupta  staff  12868 Jan  9 07:26 account_40012_journey.json
  8 -rw-r--r--  1 manojgupta  staff   2728 Jan  9 07:26 account_40012_report.md
 40 -rw-r--r--  1 manojgupta  staff  18255 Jan  9 07:26 account_40013_events.csv
104 -rw-r--r--  1 manojgupta  staff  49284 Jan  9 07:26 account_40013_journey.json
 24 -rw-r--r--  1 manojgupta  staff   8523 Jan  9 07:26 account_40013_report.md
 16 -rw-r--r--  1 manojgupta  staff   4231 Jan  9 07:26 account_40014_events.csv
 24 -rw-r--r--  1 manojgupta  staff  10678 Jan  9 07:26 account_40014_journey.json
  8 -rw-r--r--  1 manojgupta  staff   2409 Jan  9 07:26 account_40014_report.md
 40 -rw-r--r--  1 manojgupta  staff  19513 Jan  9 07:26 account_40015_events.csv
104 -rw-r--r--  1 manojgupta  staff  52480 Jan  9 07:26 account_40015_journey.json
 24 -rw-r--r--  1 manojgupta  staff   9027 Jan  9 07:26 account_40015_report.md
 48 -rw-r--r--  1 manojgupta  staff  21120 Jan  9 07:26 account_40016_events.csv
112 -rw-r--r--  1 manojgupta  staff  57184 Jan  9 07:26 account_40016_journey.json
 24 -rw-r--r--  1 manojgupta  staff   9676 Jan  9 07:26 account_40016_report.md
 40 -rw-r--r--  1 manojgupta  staff  20006 Jan  9 07:26 account_40017_events.csv
112 -rw-r--r--  1 manojgupta  staff  54064 Jan  9 07:26 account_40017_journey.json
 24 -rw-r--r--  1 manojgupta  staff   9308 Jan  9 07:26 account_40017_report.md
 48 -rw-r--r--  1 manojgupta  staff  21054 Jan  9 07:26 account_40018_events.csv
112 -rw-r--r--  1 manojgupta  staff  56379 Jan  9 07:26 account_40018_journey.json
 24 -rw-r--r--  1 manojgupta  staff   9767 Jan  9 07:26 account_40018_report.md
 64 -rw-r--r--  1 manojgupta  staff  28849 Jan  9 07:26 account_40019_events.csv
152 -rw-r--r--  1 manojgupta  staff  76508 Jan  9 07:26 account_40019_journey.json
 32 -rw-r--r--  1 manojgupta  staff  13486 Jan  9 07:26 account_40019_report.md
 16 -rw-r--r--  1 manojgupta  staff   6076 Jan  9 07:26 account_40020_events.csv
 32 -rw-r--r--  1 manojgupta  staff  15261 Jan  9 07:26 account_40020_journey.json
  8 -rw-r--r--  1 manojgupta  staff   3180 Jan  9 07:26 account_40020_report.md
 40 -rw-r--r--  1 manojgupta  staff  20008 Jan  9 07:26 account_40021_events.csv
112 -rw-r--r--  1 manojgupta  staff  54161 Jan  9 07:26 account_40021_journey.json
 24 -rw-r--r--  1 manojgupta  staff   9313 Jan  9 07:26 account_40021_report.md
 16 -rw-r--r--  1 manojgupta  staff   4482 Jan  9 07:26 account_40022_events.csv
 24 -rw-r--r--  1 manojgupta  staff  11201 Jan  9 07:26 account_40022_journey.json
  8 -rw-r--r--  1 manojgupta  staff   2535 Jan  9 07:26 account_40022_report.md
 40 -rw-r--r--  1 manojgupta  staff  19710 Jan  9 07:26 account_40023_events.csv
104 -rw-r--r--  1 manojgupta  staff  53009 Jan  9 07:26 account_40023_journey.json
 24 -rw-r--r--  1 manojgupta  staff   9130 Jan  9 07:26 account_40023_report.md
 16 -rw-r--r--  1 manojgupta  staff   5028 Jan  9 07:26 account_40024_events.csv
 32 -rw-r--r--  1 manojgupta  staff  12601 Jan  9 07:26 account_40024_journey.json
  8 -rw-r--r--  1 manojgupta  staff   2824 Jan  9 07:26 account_40024_report.md
 48 -rw-r--r--  1 manojgupta  staff  20497 Jan  9 07:26 account_40025_events.csv
112 -rw-r--r--  1 manojgupta  staff  55317 Jan  9 07:26 account_40025_journey.json
 24 -rw-r--r--  1 manojgupta  staff   9467 Jan  9 07:26 account_40025_report.md
 16 -rw-r--r--  1 manojgupta  staff   4722 Jan  9 07:26 account_40026_events.csv
 24 -rw-r--r--  1 manojgupta  staff  12026 Jan  9 07:26 account_40026_journey.json
  8 -rw-r--r--  1 manojgupta  staff   2606 Jan  9 07:26 account_40026_report.md
 40 -rw-r--r--  1 manojgupta  staff  19833 Jan  9 07:26 account_40027_events.csv
112 -rw-r--r--  1 manojgupta  staff  53616 Jan  9 07:26 account_40027_journey.json
 24 -rw-r--r--  1 manojgupta  staff   9152 Jan  9 07:26 account_40027_report.md
 40 -rw-r--r--  1 manojgupta  staff  20366 Jan  9 07:26 account_40028_events.csv
112 -rw-r--r--  1 manojgupta  staff  54905 Jan  9 07:26 account_40028_journey.json
 24 -rw-r--r--  1 manojgupta  staff   9365 Jan  9 07:26 account_40028_report.md
 56 -rw-r--r--  1 manojgupta  staff  27827 Jan  9 07:26 account_40029_events.csv
152 -rw-r--r--  1 manojgupta  staff  74505 Jan  9 07:26 account_40029_journey.json
 32 -rw-r--r--  1 manojgupta  staff  13073 Jan  9 07:26 account_40029_report.md
 16 -rw-r--r--  1 manojgupta  staff   5236 Jan  9 07:26 account_40030_events.csv
 32 -rw-r--r--  1 manojgupta  staff  13440 Jan  9 07:26 account_40030_journey.json
  8 -rw-r--r--  1 manojgupta  staff   2826 Jan  9 07:26 account_40030_report.md

journey/wizard_a/test_all_3_patterns:
total 976
 48 -rw-r--r--  1 manojgupta  staff  21043 Jan  9 07:23 account_30001_events.csv
112 -rw-r--r--  1 manojgupta  staff  56767 Jan  9 07:23 account_30001_journey.json
 24 -rw-r--r--  1 manojgupta  staff   9674 Jan  9 07:23 account_30001_report.md
 40 -rw-r--r--  1 manojgupta  staff  19864 Jan  9 07:23 account_30002_events.csv
112 -rw-r--r--  1 manojgupta  staff  53644 Jan  9 07:23 account_30002_journey.json
 24 -rw-r--r--  1 manojgupta  staff   9113 Jan  9 07:23 account_30002_report.md
 16 -rw-r--r--  1 manojgupta  staff   5544 Jan  9 07:23 account_30003_events.csv
 32 -rw-r--r--  1 manojgupta  staff  13878 Jan  9 07:23 account_30003_journey.json
  8 -rw-r--r--  1 manojgupta  staff   2970 Jan  9 07:23 account_30003_report.md
 16 -rw-r--r--  1 manojgupta  staff   4383 Jan  9 07:23 account_30004_events.csv
 24 -rw-r--r--  1 manojgupta  staff  11212 Jan  9 07:23 account_30004_journey.json
  8 -rw-r--r--  1 manojgupta  staff   2474 Jan  9 07:23 account_30004_report.md
 16 -rw-r--r--  1 manojgupta  staff   4478 Jan  9 07:23 account_30005_events.csv
 24 -rw-r--r--  1 manojgupta  staff  11257 Jan  9 07:23 account_30005_journey.json
  8 -rw-r--r--  1 manojgupta  staff   2550 Jan  9 07:23 account_30005_report.md
 48 -rw-r--r--  1 manojgupta  staff  21318 Jan  9 07:23 account_30006_events.csv
120 -rw-r--r--  1 manojgupta  staff  57420 Jan  9 07:23 account_30006_journey.json
 24 -rw-r--r--  1 manojgupta  staff   9839 Jan  9 07:23 account_30006_report.md
 16 -rw-r--r--  1 manojgupta  staff   4483 Jan  9 07:23 account_30007_events.csv
 24 -rw-r--r--  1 manojgupta  staff  11260 Jan  9 07:23 account_30007_journey.json
  8 -rw-r--r--  1 manojgupta  staff   2542 Jan  9 07:23 account_30007_report.md
 16 -rw-r--r--  1 manojgupta  staff   5544 Jan  9 07:23 account_30008_events.csv
 32 -rw-r--r--  1 manojgupta  staff  14080 Jan  9 07:23 account_30008_journey.json
  8 -rw-r--r--  1 manojgupta  staff   2953 Jan  9 07:23 account_30008_report.md
 40 -rw-r--r--  1 manojgupta  staff  18570 Jan  9 07:23 account_30009_events.csv
104 -rw-r--r--  1 manojgupta  staff  50165 Jan  9 07:23 account_30009_journey.json
 24 -rw-r--r--  1 manojgupta  staff   8676 Jan  9 07:23 account_30009_report.md

journey/wizard_a/test_run_20260108_185446:
total 0
0 drwxr-xr-x  2 manojgupta  staff  64 Jan 16 14:28 data
0 drwxr-xr-x  2 manojgupta  staff  64 Jan 16 14:28 processed

journey/wizard_a/test_run_20260108_185446/data:
total 0

journey/wizard_a/test_run_20260108_185446/processed:
total 0

journey/wizard_a/test_run_20260108_190033:
total 0
0 drwxr-xr-x  2 manojgupta  staff  64 Jan 16 14:28 data
0 drwxr-xr-x  2 manojgupta  staff  64 Jan 16 14:28 processed

journey/wizard_a/test_run_20260108_190033/data:
total 0

journey/wizard_a/test_run_20260108_190033/processed:
total 0

journey/wizard_a/test_run_20260108_190216:
total 0
0 drwxr-xr-x  2 manojgupta  staff  64 Jan 16 14:28 data
0 drwxr-xr-x  2 manojgupta  staff  64 Jan 16 14:28 processed

journey/wizard_a/test_run_20260108_190216/data:
total 0

journey/wizard_a/test_run_20260108_190216/processed:
total 0

journey/wizard_a/test_run_20260108_190347:
total 0
0 drwxr-xr-x  2 manojgupta  staff  64 Jan 16 14:28 data
0 drwxr-xr-x  2 manojgupta  staff  64 Jan 16 14:28 processed

journey/wizard_a/test_run_20260108_190347/data:
total 0

journey/wizard_a/test_run_20260108_190347/processed:
total 0

journey/wizard_a/test_run_20260108_190926:
total 0
0 drwxr-xr-x  2 manojgupta  staff  64 Jan 16 14:28 data
0 drwxr-xr-x  2 manojgupta  staff  64 Jan 16 14:28 processed

journey/wizard_a/test_run_20260108_190926/data:
total 0

journey/wizard_a/test_run_20260108_190926/processed:
total 0

journey/wizard_a/test_run_20260108_191021:
total 0
0 drwxr-xr-x  10 manojgupta  staff  320 Jan 16 14:28 data
0 drwxr-xr-x   7 manojgupta  staff  224 Jan 16 14:28 processed

journey/wizard_a/test_run_20260108_191021/data:
total 512
112 -rw-r--r--  1 manojgupta  staff  55081 Jan  8 19:10 account_90001_journey.json
 24 -rw-r--r--  1 manojgupta  staff   9420 Jan  8 19:10 account_90001_report.md
104 -rw-r--r--  1 manojgupta  staff  51844 Jan  8 19:10 account_90002_journey.json
 24 -rw-r--r--  1 manojgupta  staff   8945 Jan  8 19:10 account_90002_report.md
112 -rw-r--r--  1 manojgupta  staff  56819 Jan  8 19:10 account_90003_journey.json
 24 -rw-r--r--  1 manojgupta  staff   9769 Jan  8 19:10 account_90003_report.md
 96 -rw-r--r--  1 manojgupta  staff  45538 Jan  8 19:10 account_90005_journey.json
 16 -rw-r--r--  1 manojgupta  staff   7989 Jan  8 19:10 account_90005_report.md

journey/wizard_a/test_run_20260108_191021/processed:
total 40
8 -rw-r--r--  1 manojgupta  staff   808 Jan  8 19:10 account_90001_milestones.csv
8 -rw-r--r--  1 manojgupta  staff  1142 Jan  8 19:10 account_90002_milestones.csv
8 -rw-r--r--  1 manojgupta  staff  1142 Jan  8 19:10 account_90003_milestones.csv
8 -rw-r--r--  1 manojgupta  staff   809 Jan  8 19:10 account_90005_milestones.csv
8 -rw-r--r--  1 manojgupta  staff  3803 Jan  8 19:10 all_accounts_milestones.csv

journey/wizard_a/test_run_20260108_191444:
total 0
0 drwxr-xr-x  11 manojgupta  staff  352 Jan 16 14:28 data
0 drwxr-xr-x   7 manojgupta  staff  224 Jan 16 14:28 processed

journey/wizard_a/test_run_20260108_191444/data:
total 560
112 -rw-r--r--  1 manojgupta  staff  57031 Jan  8 19:14 account_90001_journey.json
 24 -rw-r--r--  1 manojgupta  staff   9902 Jan  8 19:14 account_90001_report.md
104 -rw-r--r--  1 manojgupta  staff  52987 Jan  8 19:14 account_90003_journey.json
 24 -rw-r--r--  1 manojgupta  staff   8984 Jan  8 19:14 account_90003_report.md
112 -rw-r--r--  1 manojgupta  staff  54731 Jan  8 19:14 account_90004_journey.json
 24 -rw-r--r--  1 manojgupta  staff   9322 Jan  8 19:14 account_90004_report.md
112 -rw-r--r--  1 manojgupta  staff  55176 Jan  8 19:14 account_90005_journey.json
 24 -rw-r--r--  1 manojgupta  staff   9438 Jan  8 19:14 account_90005_report.md
 24 -rw-r--r--  1 manojgupta  staff   9041 Jan  8 19:14 kpi_metadata.json

journey/wizard_a/test_run_20260108_191444/processed:
total 48
 8 -rw-r--r--  1 manojgupta  staff  1475 Jan  8 19:14 account_90001_milestones.csv
 8 -rw-r--r--  1 manojgupta  staff  1808 Jan  8 19:14 account_90003_milestones.csv
 8 -rw-r--r--  1 manojgupta  staff  1808 Jan  8 19:14 account_90004_milestones.csv
 8 -rw-r--r--  1 manojgupta  staff   809 Jan  8 19:14 account_90005_milestones.csv
16 -rw-r--r--  1 manojgupta  staff  5994 Jan  8 19:14 all_accounts_milestones.csv

journey/wizard_b:
total 40
40 -rw-------@ 1 manojgupta  staff  19687 Jan 10 17:33 wizard_b_pattern_analyzer.py
