config
data
docs
logs
scripts

journey/config:

journey/data:
bootstrap
processed
raw

journey/data/bootstrap:

journey/data/processed:
account_10001_milestones.csv
account_10003_milestones.csv
account_10007_milestones.csv
all_accounts_milestones.csv

journey/data/raw:
phase1
phase2
phase3

journey/data/raw/phase1:
account_10007_events.csv
account_10007_journey.json
account_10007_report.md

journey/data/raw/phase2:
account_10001_events.csv
account_10001_journey.json
account_10001_report.md
account_10003_events.csv
account_10003_journey.json
account_10003_report.md
account_10007_events.csv
account_10007_journey.json
account_10007_report.md

journey/data/raw/phase3:
all_accounts_kpis.csv
kpi_metadata.json

journey/docs:
deployment
PHASE_1_COMPLETE_SUMMARY.md
PHASE_2_COMPLETE_SUMMARY.md
PHASE_3_COMPLETE_SUMMARY.md
PHASE_4_FINAL_SUMMARY.md

journey/docs/deployment:
DIRECTORY_ORGANIZATION_GUIDE.md
PHASE_2_3_4_ALIGNMENT_VERIFICATION.md
STEP_1_DEPLOY_JOURNEY_DATA.md
STEP_1_QUICK_START.txt
STEP_1_WALKTHROUGH.md

journey/logs:

journey/scripts:
phase1
phase3
phase4
phase5

journey/scripts/phase1:
journey_pattern_generator.py

journey/scripts/phase3:
kpi_generator_phase3.py

journey/scripts/phase4:
generate_milestones_phase4.py
journey_schema_phase4.py
load_journey_data_phase4.py
load_journey_to_qdrant_phase4.py
migration_journey_phase4.py
verify_production_safety.py

journey/scripts/phase5:
