                           Table "public.kpi_definitions"
          Column           |          Type          | Collation | Nullable | Default 
---------------------------+------------------------+-----------+----------+---------
 kpi_code                  | character varying(50)  |           | not null | 
 kpi_name                  | character varying(255) |           | not null | 
 pillar                    | character varying(50)  |           |          | 
 pillar_weight             | numeric(5,2)           |           |          | 
 kpi_weight_in_pillar      | numeric(5,2)           |           |          | 
 indicator_type            | character varying(50)  |           |          | 
 predictive_horizon_days   | integer                |           |          | 
 confidence_level          | character varying(50)  |           |          | 
 direction                 | character varying(20)  |           |          | 
 source_review             | text                   |           |          | 
 data_source_system        | character varying(100) |           |          | 
 data_collection_method    | text                   |           |          | 
 impact_level              | character varying(50)  |           |          | 
 measurement_frequency     | character varying(50)  |           |          | 
 range_type                | character varying(50)  |           |          | 
 range_min                 | numeric(20,6)          |           |          | 
 range_max                 | numeric(20,6)          |           |          | 
 target_value              | numeric(20,6)          |           |          | 
 target_operator           | character varying(20)  |           |          | 
 unit                      | character varying(50)  |           |          | 
 range_optimal_min         | numeric(20,6)          |           |          | 
 range_optimal_max         | numeric(20,6)          |           |          | 
 range_healthy_min         | numeric(20,6)          |           |          | 
 range_healthy_max         | numeric(20,6)          |           |          | 
 state_at_risk_min         | numeric(20,6)          |           |          | 
 state_at_risk_max         | numeric(20,6)          |           |          | 
 range_critical_min        | numeric(20,6)          |           |          | 
 range_critical_max        | numeric(20,6)          |           |          | 
 priority_normal           | numeric(5,2)           |           |          | 
 priority_at_risk          | numeric(5,2)           |           |          | 
 priority_expansion        | numeric(5,2)           |           |          | 
 priority_churn_prevention | numeric(5,2)           |           |          | 
 causal_kpis               | text                   |           |          | 
 correlated_kpis           | text                   |           |          | 
 triggered_playbooks       | text                   |           |          | 
 business_impact           | text                   |           |          | 
 notes                     | text                   |           |          | 
 active                    | boolean                |           |          | true
Indexes:
    "kpi_definitions_pkey" PRIMARY KEY, btree (kpi_code)
    "idx_kpi_definitions_active" btree (active)
    "idx_kpi_definitions_indicator" btree (indicator_type)
    "idx_kpi_definitions_pillar" btree (pillar)
Referenced by:
    TABLE "kpi_measurements" CONSTRAINT "kpi_measurements_kpi_code_fkey" FOREIGN KEY (kpi_code) REFERENCES kpi_definitions(kpi_code)

