total 0
0 drwxr-xr-x  4 manojgupta  staff  128 Jan  7 10:39 phase1
0 drwxr-xr-x  3 manojgupta  staff   96 Jan  7 10:38 phase3
0 drwxr-xr-x  9 manojgupta  staff  288 Jan  7 11:50 phase4
0 drwxr-xr-x  8 manojgupta  staff  256 Jan  7 19:55 phase5
0 -rw-r--r--  1 manojgupta  staff    0 Jan  8 13:02 scripts-dir.out

./phase1:
total 80
80 -rw-------@ 1 manojgupta  staff  38379 Jan  6 21:12 journey_pattern_generator.py

./phase3:
total 32
32 -rw-------@ 1 manojgupta  staff  16047 Jan  7 03:04 kpi_generator_phase3.py

./phase4:
total 296
48 -rw-r--r--@ 1 manojgupta  staff  22913 Jan  7 11:26 generate_milestones_phase4.py
24 -rw-r--r--@ 1 manojgupta  staff  11859 Jan  7 07:34 journey_schema_phase4.py
64 -rw-r--r--@ 1 manojgupta  staff  29643 Jan  7 11:50 load_journey_data_phase4.py
64 -rw-r--r--  1 manojgupta  staff  28702 Jan  7 11:50 load_journey_data_phase4.py.backup
32 -rw-r--r--@ 1 manojgupta  staff  15402 Jan  7 07:34 load_journey_to_qdrant_phase4.py
40 -rw-r--r--@ 1 manojgupta  staff  17628 Jan  7 12:12 migration_journey_phase4.py
24 -rw-r--r--@ 1 manojgupta  staff   8350 Jan  7 07:34 verify_production_safety.py

./phase5:
total 160
32 -rw-------@ 1 manojgupta  staff  12719 Jan  7 02:32 bootstrap_weights_config.py
16 -rw-------@ 1 manojgupta  staff   6203 Jan  8 03:23 create_bootstrap_schema.py
24 -rw-------@ 1 manojgupta  staff   9861 Jan  8 03:23 kpi_mapping_config.json
24 -rw-------@ 1 manojgupta  staff  10133 Jan  7 19:39 load_bootstrap_weights.py
24 -rw-------@ 1 manojgupta  staff  10146 Jan  7 19:34 load_bootstrap_weights.py.backup
40 -rw-r--r--@ 1 manojgupta  staff  16656 Jan  7 19:55 test_signal_analyst.py
